2026-04-06 20:43:18,832  INFO      === 02_clean.py started ===
2026-04-06 20:43:18,832  INFO      Loading raw data from /Users/wenhuan/Documents/Project_Claude/wildfire-lit-review/data/raw/results_raw.csv
2026-04-06 20:43:18,865  INFO      Raw records loaded: 2000
2026-04-06 20:43:18,875  INFO      Drop missing title                        before=2000  removed=0  after=2000  
2026-04-06 20:43:18,882  INFO      Deduplicate by DOI                        before=2000  removed=1  after=1999  (1949 had DOI, 51 did not)
2026-04-06 20:43:18,884  INFO      Deduplicate by OpenAlex ID                before=1999  removed=0  after=1999  
2026-04-06 20:43:18,884  INFO      Filter by year range                      before=1999  removed=0  after=1999  (2000–2024)
2026-04-06 20:43:18,885  INFO      Flag missing abstract                     211 records have no abstract (kept, flagged)
2026-04-06 20:43:18,885  INFO      Records after cleaning: 1999
2026-04-06 20:43:18,913  INFO      Saved cleaned data → /Users/wenhuan/Documents/Project_Claude/wildfire-lit-review/data/processed/results_clean.csv
2026-04-06 20:43:18,914  INFO      Saved cleaning summary → /Users/wenhuan/Documents/Project_Claude/wildfire-lit-review/outputs/tables/cleaning_summary.csv
2026-04-06 20:43:18,914  INFO      
                      step  rows_before  rows_removed  rows_after                      note
        Drop missing title         2000             0        2000                          
        Deduplicate by DOI         2000             1        1999  1949 had DOI, 51 did not
Deduplicate by OpenAlex ID         1999             0        1999                          
      Filter by year range         1999             0        1999                 2000–2024
     Flag missing abstract         1999             0        1999 211 flagged (not removed)
                     TOTAL         2000             1        1999      0.1% removed overall
2026-04-06 20:43:18,914  INFO      === 02_clean.py finished ===
